2026-06-11 10:56:33.833 +03:00 [INF] Database bağlantısı kontrol ediliyor...
2026-06-11 10:56:34.487 +03:00 [INF] Executed DbCommand (9ms) [Parameters=[], CommandType='"Text"', CommandTimeout='30']
SELECT COUNT(*) FROM "sqlite_master" WHERE "name" = '__EFMigrationsHistory' AND "type" = 'table';
2026-06-11 10:56:34.499 +03:00 [INF] Executed DbCommand (0ms) [Parameters=[], CommandType='"Text"', CommandTimeout='30']
SELECT COUNT(*) FROM "sqlite_master" WHERE "name" = '__EFMigrationsHistory' AND "type" = 'table';
2026-06-11 10:56:34.520 +03:00 [INF] Executed DbCommand (1ms) [Parameters=[], CommandType='"Text"', CommandTimeout='30']
SELECT "MigrationId", "ProductVersion"
FROM "__EFMigrationsHistory"
ORDER BY "MigrationId";
2026-06-11 10:56:34.538 +03:00 [INF] No migrations were applied. The database is already up to date.
2026-06-11 10:56:34.681 +03:00 [INF] Executed DbCommand (0ms) [Parameters=[], CommandType='"Text"', CommandTimeout='30']
SELECT "u"."Id", "u"."AccountNumber", "u"."CreatedAt", "u"."Email", "u"."Name", "u"."Password", "u"."PlainPassword", "u"."Role", "u"."Surname"
FROM "Users" AS "u"
2026-06-11 10:56:34.804 +03:00 [INF] Executed DbCommand (2ms) [Parameters=[@__user_Id_0='?' (DbType = Int32)], CommandType='"Text"', CommandTimeout='30']
SELECT "a"."Id", "a"."AccountNumber", "a"."Balance", "a"."Currency", "a"."RowVersion", "a"."UserId"
FROM "Accounts" AS "a"
WHERE "a"."UserId" = @__user_Id_0
LIMIT 1
2026-06-11 10:56:34.851 +03:00 [INF] Executed DbCommand (0ms) [Parameters=[@__user_Id_0='?' (DbType = Int32)], CommandType='"Text"', CommandTimeout='30']
SELECT EXISTS (
    SELECT 1
    FROM "DailyLimits" AS "d"
    WHERE "d"."UserId" = @__user_Id_0)
2026-06-11 10:56:34.858 +03:00 [INF] Executed DbCommand (0ms) [Parameters=[@__user_Id_0='?' (DbType = Int32)], CommandType='"Text"', CommandTimeout='30']
SELECT "a"."Id", "a"."AccountNumber", "a"."Balance", "a"."Currency", "a"."RowVersion", "a"."UserId"
FROM "Accounts" AS "a"
WHERE "a"."UserId" = @__user_Id_0
LIMIT 1
2026-06-11 10:56:34.862 +03:00 [INF] Executed DbCommand (0ms) [Parameters=[@__user_Id_0='?' (DbType = Int32)], CommandType='"Text"', CommandTimeout='30']
SELECT EXISTS (
    SELECT 1
    FROM "DailyLimits" AS "d"
    WHERE "d"."UserId" = @__user_Id_0)
2026-06-11 10:56:34.867 +03:00 [INF] Executed DbCommand (0ms) [Parameters=[@__user_Id_0='?' (DbType = Int32)], CommandType='"Text"', CommandTimeout='30']
SELECT "a"."Id", "a"."AccountNumber", "a"."Balance", "a"."Currency", "a"."RowVersion", "a"."UserId"
FROM "Accounts" AS "a"
WHERE "a"."UserId" = @__user_Id_0
LIMIT 1
2026-06-11 10:56:34.872 +03:00 [INF] Executed DbCommand (0ms) [Parameters=[@__user_Id_0='?' (DbType = Int32)], CommandType='"Text"', CommandTimeout='30']
SELECT EXISTS (
    SELECT 1
    FROM "DailyLimits" AS "d"
    WHERE "d"."UserId" = @__user_Id_0)
2026-06-11 10:56:34.876 +03:00 [INF] Executed DbCommand (0ms) [Parameters=[@__user_Id_0='?' (DbType = Int32)], CommandType='"Text"', CommandTimeout='30']
SELECT "a"."Id", "a"."AccountNumber", "a"."Balance", "a"."Currency", "a"."RowVersion", "a"."UserId"
FROM "Accounts" AS "a"
WHERE "a"."UserId" = @__user_Id_0
LIMIT 1
2026-06-11 10:56:34.881 +03:00 [INF] Executed DbCommand (0ms) [Parameters=[@__user_Id_0='?' (DbType = Int32)], CommandType='"Text"', CommandTimeout='30']
SELECT EXISTS (
    SELECT 1
    FROM "DailyLimits" AS "d"
    WHERE "d"."UserId" = @__user_Id_0)
2026-06-11 10:56:34.916 +03:00 [INF] Executed DbCommand (0ms) [Parameters=[], CommandType='"Text"', CommandTimeout='30']
SELECT "a"."Id", "a"."AccountNumber", "a"."Balance", "a"."Currency", "a"."RowVersion", "a"."UserId"
FROM "Accounts" AS "a"
WHERE NOT EXISTS (
    SELECT 1
    FROM "Users" AS "u"
    WHERE "u"."Id" = "a"."UserId")
2026-06-11 10:56:34.921 +03:00 [INF] 📂 Paylaşımlı SQLite: C:\Users\cavit\OneDrive\Desktop\Vireon\Database\vireon_local.db
2026-06-11 10:56:34.942 +03:00 [INF] Executed DbCommand (0ms) [Parameters=[], CommandType='"Text"', CommandTimeout='30']
SELECT "u"."Id", "u"."AccountNumber", "u"."CreatedAt", "u"."Email", "u"."Name", "u"."Password", "u"."PlainPassword", "u"."Role", "u"."Surname"
FROM "Users" AS "u"
WHERE "u"."Password" NOT LIKE '$2%'
2026-06-11 10:56:34.953 +03:00 [INF] Executed DbCommand (0ms) [Parameters=[], CommandType='"Text"', CommandTimeout='30']
SELECT "u"."Id", "u"."AccountNumber", "u"."CreatedAt", "u"."Email", "u"."Name", "u"."Password", "u"."PlainPassword", "u"."Role", "u"."Surname"
FROM "Users" AS "u"
WHERE "u"."Email" = 'cavit@vireon.com'
LIMIT 1
2026-06-11 10:56:34.959 +03:00 [INF] 🔄 Demo hesapları senkronize ediliyor...
2026-06-11 10:56:34.967 +03:00 [INF] Executed DbCommand (1ms) [Parameters=[@__spec_Email_0='?' (Size = 16)], CommandType='"Text"', CommandTimeout='30']
SELECT "u"."Id", "u"."AccountNumber", "u"."CreatedAt", "u"."Email", "u"."Name", "u"."Password", "u"."PlainPassword", "u"."Role", "u"."Surname"
FROM "Users" AS "u"
WHERE "u"."Email" = @__spec_Email_0
LIMIT 1
2026-06-11 10:56:35.247 +03:00 [INF] Executed DbCommand (0ms) [Parameters=[@__user_Id_0='?' (DbType = Int32)], CommandType='"Text"', CommandTimeout='30']
SELECT "a"."Id", "a"."AccountNumber", "a"."Balance", "a"."Currency", "a"."RowVersion", "a"."UserId"
FROM "Accounts" AS "a"
WHERE "a"."UserId" = @__user_Id_0
LIMIT 1
2026-06-11 10:56:35.257 +03:00 [INF] Executed DbCommand (0ms) [Parameters=[@__user_Id_0='?' (DbType = Int32)], CommandType='"Text"', CommandTimeout='30']
SELECT "d"."Id", "d"."LastResetDate", "d"."MaxDailyLimit", "d"."UsedLimit", "d"."UserId"
FROM "DailyLimits" AS "d"
WHERE "d"."UserId" = @__user_Id_0
LIMIT 1
2026-06-11 10:56:35.280 +03:00 [INF]   ✓ cavit@vireon.com güncellendi (VR-99999)
2026-06-11 10:56:35.285 +03:00 [INF] Executed DbCommand (0ms) [Parameters=[@__spec_Email_0='?' (Size = 15)], CommandType='"Text"', CommandTimeout='30']
SELECT "u"."Id", "u"."AccountNumber", "u"."CreatedAt", "u"."Email", "u"."Name", "u"."Password", "u"."PlainPassword", "u"."Role", "u"."Surname"
FROM "Users" AS "u"
WHERE "u"."Email" = @__spec_Email_0
LIMIT 1
2026-06-11 10:56:35.484 +03:00 [INF] Executed DbCommand (0ms) [Parameters=[@__user_Id_0='?' (DbType = Int32)], CommandType='"Text"', CommandTimeout='30']
SELECT "a"."Id", "a"."AccountNumber", "a"."Balance", "a"."Currency", "a"."RowVersion", "a"."UserId"
FROM "Accounts" AS "a"
WHERE "a"."UserId" = @__user_Id_0
LIMIT 1
2026-06-11 10:56:35.490 +03:00 [INF] Executed DbCommand (0ms) [Parameters=[@__user_Id_0='?' (DbType = Int32)], CommandType='"Text"', CommandTimeout='30']
SELECT "d"."Id", "d"."LastResetDate", "d"."MaxDailyLimit", "d"."UsedLimit", "d"."UserId"
FROM "DailyLimits" AS "d"
WHERE "d"."UserId" = @__user_Id_0
LIMIT 1
2026-06-11 10:56:35.495 +03:00 [INF]   ✓ enes@vireon.com güncellendi (VR-88888)
2026-06-11 10:56:35.499 +03:00 [INF] Executed DbCommand (0ms) [Parameters=[@__spec_Email_0='?' (Size = 16)], CommandType='"Text"', CommandTimeout='30']
SELECT "u"."Id", "u"."AccountNumber", "u"."CreatedAt", "u"."Email", "u"."Name", "u"."Password", "u"."PlainPassword", "u"."Role", "u"."Surname"
FROM "Users" AS "u"
WHERE "u"."Email" = @__spec_Email_0
LIMIT 1
2026-06-11 10:56:35.701 +03:00 [INF] Executed DbCommand (0ms) [Parameters=[@__user_Id_0='?' (DbType = Int32)], CommandType='"Text"', CommandTimeout='30']
SELECT "a"."Id", "a"."AccountNumber", "a"."Balance", "a"."Currency", "a"."RowVersion", "a"."UserId"
FROM "Accounts" AS "a"
WHERE "a"."UserId" = @__user_Id_0
LIMIT 1
2026-06-11 10:56:35.705 +03:00 [INF] Executed DbCommand (0ms) [Parameters=[@__user_Id_0='?' (DbType = Int32)], CommandType='"Text"', CommandTimeout='30']
SELECT "d"."Id", "d"."LastResetDate", "d"."MaxDailyLimit", "d"."UsedLimit", "d"."UserId"
FROM "DailyLimits" AS "d"
WHERE "d"."UserId" = @__user_Id_0
LIMIT 1
2026-06-11 10:56:35.709 +03:00 [INF]   ✓ kerem@vireon.com güncellendi (VR-77777)
2026-06-11 10:56:35.747 +03:00 [INF] ✅ Demo hesapları hazır.
2026-06-11 10:56:35.755 +03:00 [INF] Executed DbCommand (0ms) [Parameters=[], CommandType='"Text"', CommandTimeout='30']
SELECT "u"."Id", "u"."AccountNumber", "u"."CreatedAt", "u"."Email", "u"."Name", "u"."Password", "u"."PlainPassword", "u"."Role", "u"."Surname"
FROM "Users" AS "u"
WHERE "u"."Email" = 'testuser@example.com'
LIMIT 1
2026-06-11 10:56:35.776 +03:00 [INF] Executed DbCommand (0ms) [Parameters=[], CommandType='"Text"', CommandTimeout='30']
SELECT "u"."Email"
FROM "Users" AS "u"
WHERE "u"."PlainPassword" IS NULL OR "u"."PlainPassword" = ''
2026-06-11 10:56:35.781 +03:00 [INF] ℹ️ PlainPassword boş 1 hesap — bir kez giriş veya şifre sıfırlama sonrası DB'ye yazılır: cbs@vireon.com
2026-06-11 10:56:35.790 +03:00 [INF] ✅ Database hazır!
2026-06-11 10:56:35.956 +03:00 [INF] Now listening on: http://localhost:5202
2026-06-11 10:56:35.958 +03:00 [INF] Application started. Press Ctrl+C to shut down.
2026-06-11 10:56:35.960 +03:00 [INF] Hosting environment: Development
2026-06-11 10:56:35.962 +03:00 [INF] Content root path: C:\Users\cavit\OneDrive\Desktop\Vireon\Vireon.PresentationLayer
2026-06-11 11:19:45.851 +03:00 [INF] Application is shutting down...
2026-06-11 11:20:07.619 +03:00 [INF] Database bağlantısı kontrol ediliyor...
2026-06-11 11:20:08.425 +03:00 [INF] Executed DbCommand (6ms) [Parameters=[], CommandType='"Text"', CommandTimeout='30']
SELECT COUNT(*) FROM "sqlite_master" WHERE "name" = '__EFMigrationsHistory' AND "type" = 'table';
2026-06-11 11:20:08.431 +03:00 [INF] Executed DbCommand (0ms) [Parameters=[], CommandType='"Text"', CommandTimeout='30']
SELECT COUNT(*) FROM "sqlite_master" WHERE "name" = '__EFMigrationsHistory' AND "type" = 'table';
2026-06-11 11:20:08.440 +03:00 [INF] Executed DbCommand (0ms) [Parameters=[], CommandType='"Text"', CommandTimeout='30']
SELECT "MigrationId", "ProductVersion"
FROM "__EFMigrationsHistory"
ORDER BY "MigrationId";
2026-06-11 11:20:08.451 +03:00 [INF] No migrations were applied. The database is already up to date.
2026-06-11 11:20:08.528 +03:00 [INF] Executed DbCommand (0ms) [Parameters=[], CommandType='"Text"', CommandTimeout='30']
SELECT "u"."Id", "u"."AccountNumber", "u"."CreatedAt", "u"."Email", "u"."Name", "u"."Password", "u"."PlainPassword", "u"."Role", "u"."Surname"
FROM "Users" AS "u"
2026-06-11 11:20:08.589 +03:00 [INF] Executed DbCommand (1ms) [Parameters=[@__user_Id_0='?' (DbType = Int32)], CommandType='"Text"', CommandTimeout='30']
SELECT "a"."Id", "a"."AccountNumber", "a"."Balance", "a"."Currency", "a"."RowVersion", "a"."UserId"
FROM "Accounts" AS "a"
WHERE "a"."UserId" = @__user_Id_0
LIMIT 1
2026-06-11 11:20:08.614 +03:00 [INF] Executed DbCommand (0ms) [Parameters=[@__user_Id_0='?' (DbType = Int32)], CommandType='"Text"', CommandTimeout='30']
SELECT EXISTS (
    SELECT 1
    FROM "DailyLimits" AS "d"
    WHERE "d"."UserId" = @__user_Id_0)
2026-06-11 11:20:08.617 +03:00 [INF] Executed DbCommand (0ms) [Parameters=[@__user_Id_0='?' (DbType = Int32)], CommandType='"Text"', CommandTimeout='30']
SELECT "a"."Id", "a"."AccountNumber", "a"."Balance", "a"."Currency", "a"."RowVersion", "a"."UserId"
FROM "Accounts" AS "a"
WHERE "a"."UserId" = @__user_Id_0
LIMIT 1
2026-06-11 11:20:08.619 +03:00 [INF] Executed DbCommand (0ms) [Parameters=[@__user_Id_0='?' (DbType = Int32)], CommandType='"Text"', CommandTimeout='30']
SELECT EXISTS (
    SELECT 1
    FROM "DailyLimits" AS "d"
    WHERE "d"."UserId" = @__user_Id_0)
2026-06-11 11:20:08.621 +03:00 [INF] Executed DbCommand (0ms) [Parameters=[@__user_Id_0='?' (DbType = Int32)], CommandType='"Text"', CommandTimeout='30']
SELECT "a"."Id", "a"."AccountNumber", "a"."Balance", "a"."Currency", "a"."RowVersion", "a"."UserId"
FROM "Accounts" AS "a"
WHERE "a"."UserId" = @__user_Id_0
LIMIT 1
2026-06-11 11:20:08.623 +03:00 [INF] Executed DbCommand (0ms) [Parameters=[@__user_Id_0='?' (DbType = Int32)], CommandType='"Text"', CommandTimeout='30']
SELECT EXISTS (
    SELECT 1
    FROM "DailyLimits" AS "d"
    WHERE "d"."UserId" = @__user_Id_0)
2026-06-11 11:20:08.625 +03:00 [INF] Executed DbCommand (0ms) [Parameters=[@__user_Id_0='?' (DbType = Int32)], CommandType='"Text"', CommandTimeout='30']
SELECT "a"."Id", "a"."AccountNumber", "a"."Balance", "a"."Currency", "a"."RowVersion", "a"."UserId"
FROM "Accounts" AS "a"
WHERE "a"."UserId" = @__user_Id_0
LIMIT 1
2026-06-11 11:20:08.627 +03:00 [INF] Executed DbCommand (0ms) [Parameters=[@__user_Id_0='?' (DbType = Int32)], CommandType='"Text"', CommandTimeout='30']
SELECT EXISTS (
    SELECT 1
    FROM "DailyLimits" AS "d"
    WHERE "d"."UserId" = @__user_Id_0)
2026-06-11 11:20:08.642 +03:00 [INF] Executed DbCommand (0ms) [Parameters=[], CommandType='"Text"', CommandTimeout='30']
SELECT "a"."Id", "a"."AccountNumber", "a"."Balance", "a"."Currency", "a"."RowVersion", "a"."UserId"
FROM "Accounts" AS "a"
WHERE NOT EXISTS (
    SELECT 1
    FROM "Users" AS "u"
    WHERE "u"."Id" = "a"."UserId")
2026-06-11 11:20:08.644 +03:00 [INF] 📂 Paylaşımlı SQLite: C:\Users\cavit\OneDrive\Desktop\Vireon\Database\vireon_local.db
2026-06-11 11:20:08.757 +03:00 [INF] Executed DbCommand (0ms) [Parameters=[], CommandType='"Text"', CommandTimeout='30']
SELECT "u"."Id", "u"."AccountNumber", "u"."CreatedAt", "u"."Email", "u"."Name", "u"."Password", "u"."PlainPassword", "u"."Role", "u"."Surname"
FROM "Users" AS "u"
WHERE "u"."Password" NOT LIKE '$2%'
2026-06-11 11:20:08.761 +03:00 [INF] Executed DbCommand (0ms) [Parameters=[], CommandType='"Text"', CommandTimeout='30']
SELECT "u"."Id", "u"."AccountNumber", "u"."CreatedAt", "u"."Email", "u"."Name", "u"."Password", "u"."PlainPassword", "u"."Role", "u"."Surname"
FROM "Users" AS "u"
WHERE "u"."Email" = 'cavit@vireon.com'
LIMIT 1
2026-06-11 11:20:08.763 +03:00 [INF] 🔄 Demo hesapları senkronize ediliyor...
2026-06-11 11:20:08.767 +03:00 [INF] Executed DbCommand (1ms) [Parameters=[@__spec_Email_0='?' (Size = 16)], CommandType='"Text"', CommandTimeout='30']
SELECT "u"."Id", "u"."AccountNumber", "u"."CreatedAt", "u"."Email", "u"."Name", "u"."Password", "u"."PlainPassword", "u"."Role", "u"."Surname"
FROM "Users" AS "u"
WHERE "u"."Email" = @__spec_Email_0
LIMIT 1
2026-06-11 11:20:08.925 +03:00 [INF] Executed DbCommand (0ms) [Parameters=[@__user_Id_0='?' (DbType = Int32)], CommandType='"Text"', CommandTimeout='30']
SELECT "a"."Id", "a"."AccountNumber", "a"."Balance", "a"."Currency", "a"."RowVersion", "a"."UserId"
FROM "Accounts" AS "a"
WHERE "a"."UserId" = @__user_Id_0
LIMIT 1
2026-06-11 11:20:08.930 +03:00 [INF] Executed DbCommand (0ms) [Parameters=[@__user_Id_0='?' (DbType = Int32)], CommandType='"Text"', CommandTimeout='30']
SELECT "d"."Id", "d"."LastResetDate", "d"."MaxDailyLimit", "d"."UsedLimit", "d"."UserId"
FROM "DailyLimits" AS "d"
WHERE "d"."UserId" = @__user_Id_0
LIMIT 1
2026-06-11 11:20:08.939 +03:00 [INF]   ✓ cavit@vireon.com güncellendi (VR-99999)
2026-06-11 11:20:08.942 +03:00 [INF] Executed DbCommand (0ms) [Parameters=[@__spec_Email_0='?' (Size = 15)], CommandType='"Text"', CommandTimeout='30']
SELECT "u"."Id", "u"."AccountNumber", "u"."CreatedAt", "u"."Email", "u"."Name", "u"."Password", "u"."PlainPassword", "u"."Role", "u"."Surname"
FROM "Users" AS "u"
WHERE "u"."Email" = @__spec_Email_0
LIMIT 1
2026-06-11 11:20:09.094 +03:00 [INF] Executed DbCommand (0ms) [Parameters=[@__user_Id_0='?' (DbType = Int32)], CommandType='"Text"', CommandTimeout='30']
SELECT "a"."Id", "a"."AccountNumber", "a"."Balance", "a"."Currency", "a"."RowVersion", "a"."UserId"
FROM "Accounts" AS "a"
WHERE "a"."UserId" = @__user_Id_0
LIMIT 1
2026-06-11 11:20:09.096 +03:00 [INF] Executed DbCommand (0ms) [Parameters=[@__user_Id_0='?' (DbType = Int32)], CommandType='"Text"', CommandTimeout='30']
SELECT "d"."Id", "d"."LastResetDate", "d"."MaxDailyLimit", "d"."UsedLimit", "d"."UserId"
FROM "DailyLimits" AS "d"
WHERE "d"."UserId" = @__user_Id_0
LIMIT 1
2026-06-11 11:20:09.098 +03:00 [INF]   ✓ enes@vireon.com güncellendi (VR-88888)
2026-06-11 11:20:09.100 +03:00 [INF] Executed DbCommand (0ms) [Parameters=[@__spec_Email_0='?' (Size = 16)], CommandType='"Text"', CommandTimeout='30']
SELECT "u"."Id", "u"."AccountNumber", "u"."CreatedAt", "u"."Email", "u"."Name", "u"."Password", "u"."PlainPassword", "u"."Role", "u"."Surname"
FROM "Users" AS "u"
WHERE "u"."Email" = @__spec_Email_0
LIMIT 1
2026-06-11 11:20:09.248 +03:00 [INF] Executed DbCommand (0ms) [Parameters=[@__user_Id_0='?' (DbType = Int32)], CommandType='"Text"', CommandTimeout='30']
SELECT "a"."Id", "a"."AccountNumber", "a"."Balance", "a"."Currency", "a"."RowVersion", "a"."UserId"
FROM "Accounts" AS "a"
WHERE "a"."UserId" = @__user_Id_0
LIMIT 1
2026-06-11 11:20:09.251 +03:00 [INF] Executed DbCommand (0ms) [Parameters=[@__user_Id_0='?' (DbType = Int32)], CommandType='"Text"', CommandTimeout='30']
SELECT "d"."Id", "d"."LastResetDate", "d"."MaxDailyLimit", "d"."UsedLimit", "d"."UserId"
FROM "DailyLimits" AS "d"
WHERE "d"."UserId" = @__user_Id_0
LIMIT 1
2026-06-11 11:20:09.253 +03:00 [INF]   ✓ kerem@vireon.com güncellendi (VR-77777)
2026-06-11 11:20:09.274 +03:00 [INF] ✅ Demo hesapları hazır.
2026-06-11 11:20:09.277 +03:00 [INF] Executed DbCommand (0ms) [Parameters=[], CommandType='"Text"', CommandTimeout='30']
SELECT "u"."Id", "u"."AccountNumber", "u"."CreatedAt", "u"."Email", "u"."Name", "u"."Password", "u"."PlainPassword", "u"."Role", "u"."Surname"
FROM "Users" AS "u"
WHERE "u"."Email" = 'testuser@example.com'
LIMIT 1
2026-06-11 11:20:09.293 +03:00 [INF] Executed DbCommand (0ms) [Parameters=[], CommandType='"Text"', CommandTimeout='30']
SELECT "u"."Email"
FROM "Users" AS "u"
WHERE "u"."PlainPassword" IS NULL OR "u"."PlainPassword" = ''
2026-06-11 11:20:09.296 +03:00 [INF] ℹ️ PlainPassword boş 1 hesap — bir kez giriş veya şifre sıfırlama sonrası DB'ye yazılır: cbs@vireon.com
2026-06-11 11:20:09.297 +03:00 [INF] ✅ Database hazır!
2026-06-11 11:20:09.430 +03:00 [INF] Now listening on: http://localhost:5202
2026-06-11 11:20:09.431 +03:00 [INF] Application started. Press Ctrl+C to shut down.
2026-06-11 11:20:09.432 +03:00 [INF] Hosting environment: Development
2026-06-11 11:20:09.433 +03:00 [INF] Content root path: C:\Users\cavit\OneDrive\Desktop\Vireon\Vireon.PresentationLayer
2026-06-11 11:24:32.989 +03:00 [INF] Application is shutting down...
