2026-06-11 10:51:12.517 +03:00 [INF] Database bağlantısı kontrol ediliyor...
2026-06-11 10:51:13.156 +03:00 [INF] Executed DbCommand (9ms) [Parameters=[], CommandType='"Text"', CommandTimeout='30']
SELECT COUNT(*) FROM "sqlite_master" WHERE "name" = '__EFMigrationsHistory' AND "type" = 'table';
2026-06-11 10:51:13.168 +03:00 [INF] Executed DbCommand (0ms) [Parameters=[], CommandType='"Text"', CommandTimeout='30']
SELECT COUNT(*) FROM "sqlite_master" WHERE "name" = '__EFMigrationsHistory' AND "type" = 'table';
2026-06-11 10:51:13.186 +03:00 [INF] Executed DbCommand (0ms) [Parameters=[], CommandType='"Text"', CommandTimeout='30']
SELECT "MigrationId", "ProductVersion"
FROM "__EFMigrationsHistory"
ORDER BY "MigrationId";
2026-06-11 10:51:13.208 +03:00 [INF] No migrations were applied. The database is already up to date.
2026-06-11 10:51:13.371 +03:00 [INF] Executed DbCommand (0ms) [Parameters=[], CommandType='"Text"', CommandTimeout='30']
SELECT "u"."Id", "u"."AccountNumber", "u"."CreatedAt", "u"."Email", "u"."Name", "u"."Password", "u"."PlainPassword", "u"."Role", "u"."Surname"
FROM "Users" AS "u"
2026-06-11 10:51:13.494 +03:00 [INF] Executed DbCommand (2ms) [Parameters=[@__user_Id_0='?' (DbType = Int32)], CommandType='"Text"', CommandTimeout='30']
SELECT "a"."Id", "a"."AccountNumber", "a"."Balance", "a"."Currency", "a"."RowVersion", "a"."UserId"
FROM "Accounts" AS "a"
WHERE "a"."UserId" = @__user_Id_0
LIMIT 1
2026-06-11 10:51:13.541 +03:00 [INF] Executed DbCommand (0ms) [Parameters=[@__user_Id_0='?' (DbType = Int32)], CommandType='"Text"', CommandTimeout='30']
SELECT EXISTS (
    SELECT 1
    FROM "DailyLimits" AS "d"
    WHERE "d"."UserId" = @__user_Id_0)
2026-06-11 10:51:13.549 +03:00 [INF] Executed DbCommand (0ms) [Parameters=[@__user_Id_0='?' (DbType = Int32)], CommandType='"Text"', CommandTimeout='30']
SELECT "a"."Id", "a"."AccountNumber", "a"."Balance", "a"."Currency", "a"."RowVersion", "a"."UserId"
FROM "Accounts" AS "a"
WHERE "a"."UserId" = @__user_Id_0
LIMIT 1
2026-06-11 10:51:13.554 +03:00 [INF] Executed DbCommand (0ms) [Parameters=[@__user_Id_0='?' (DbType = Int32)], CommandType='"Text"', CommandTimeout='30']
SELECT EXISTS (
    SELECT 1
    FROM "DailyLimits" AS "d"
    WHERE "d"."UserId" = @__user_Id_0)
2026-06-11 10:51:13.563 +03:00 [INF] Executed DbCommand (0ms) [Parameters=[@__user_Id_0='?' (DbType = Int32)], CommandType='"Text"', CommandTimeout='30']
SELECT "a"."Id", "a"."AccountNumber", "a"."Balance", "a"."Currency", "a"."RowVersion", "a"."UserId"
FROM "Accounts" AS "a"
WHERE "a"."UserId" = @__user_Id_0
LIMIT 1
2026-06-11 10:51:13.568 +03:00 [INF] Executed DbCommand (0ms) [Parameters=[@__user_Id_0='?' (DbType = Int32)], CommandType='"Text"', CommandTimeout='30']
SELECT EXISTS (
    SELECT 1
    FROM "DailyLimits" AS "d"
    WHERE "d"."UserId" = @__user_Id_0)
2026-06-11 10:51:13.572 +03:00 [INF] Executed DbCommand (0ms) [Parameters=[@__user_Id_0='?' (DbType = Int32)], CommandType='"Text"', CommandTimeout='30']
SELECT "a"."Id", "a"."AccountNumber", "a"."Balance", "a"."Currency", "a"."RowVersion", "a"."UserId"
FROM "Accounts" AS "a"
WHERE "a"."UserId" = @__user_Id_0
LIMIT 1
2026-06-11 10:51:13.577 +03:00 [INF] Executed DbCommand (0ms) [Parameters=[@__user_Id_0='?' (DbType = Int32)], CommandType='"Text"', CommandTimeout='30']
SELECT EXISTS (
    SELECT 1
    FROM "DailyLimits" AS "d"
    WHERE "d"."UserId" = @__user_Id_0)
2026-06-11 10:51:13.601 +03:00 [INF] Executed DbCommand (0ms) [Parameters=[], CommandType='"Text"', CommandTimeout='30']
SELECT "a"."Id", "a"."AccountNumber", "a"."Balance", "a"."Currency", "a"."RowVersion", "a"."UserId"
FROM "Accounts" AS "a"
WHERE NOT EXISTS (
    SELECT 1
    FROM "Users" AS "u"
    WHERE "u"."Id" = "a"."UserId")
2026-06-11 10:51:13.607 +03:00 [INF] 📂 Paylaşımlı SQLite: C:\Users\cavit\OneDrive\Desktop\Vireon\Database\vireon_local.db
2026-06-11 10:51:13.624 +03:00 [INF] Executed DbCommand (0ms) [Parameters=[], CommandType='"Text"', CommandTimeout='30']
SELECT "u"."Id", "u"."AccountNumber", "u"."CreatedAt", "u"."Email", "u"."Name", "u"."Password", "u"."PlainPassword", "u"."Role", "u"."Surname"
FROM "Users" AS "u"
WHERE "u"."Password" NOT LIKE '$2%'
2026-06-11 10:51:13.632 +03:00 [INF] Executed DbCommand (0ms) [Parameters=[], CommandType='"Text"', CommandTimeout='30']
SELECT "u"."Id", "u"."AccountNumber", "u"."CreatedAt", "u"."Email", "u"."Name", "u"."Password", "u"."PlainPassword", "u"."Role", "u"."Surname"
FROM "Users" AS "u"
WHERE "u"."Email" = 'cavit@vireon.com'
LIMIT 1
2026-06-11 10:51:13.637 +03:00 [INF] 🔄 Demo hesapları senkronize ediliyor...
2026-06-11 10:51:13.644 +03:00 [INF] Executed DbCommand (1ms) [Parameters=[@__spec_Email_0='?' (Size = 16)], CommandType='"Text"', CommandTimeout='30']
SELECT "u"."Id", "u"."AccountNumber", "u"."CreatedAt", "u"."Email", "u"."Name", "u"."Password", "u"."PlainPassword", "u"."Role", "u"."Surname"
FROM "Users" AS "u"
WHERE "u"."Email" = @__spec_Email_0
LIMIT 1
2026-06-11 10:51:13.917 +03:00 [INF] Executed DbCommand (0ms) [Parameters=[@__user_Id_0='?' (DbType = Int32)], CommandType='"Text"', CommandTimeout='30']
SELECT "a"."Id", "a"."AccountNumber", "a"."Balance", "a"."Currency", "a"."RowVersion", "a"."UserId"
FROM "Accounts" AS "a"
WHERE "a"."UserId" = @__user_Id_0
LIMIT 1
2026-06-11 10:51:13.926 +03:00 [INF] Executed DbCommand (0ms) [Parameters=[@__user_Id_0='?' (DbType = Int32)], CommandType='"Text"', CommandTimeout='30']
SELECT "d"."Id", "d"."LastResetDate", "d"."MaxDailyLimit", "d"."UsedLimit", "d"."UserId"
FROM "DailyLimits" AS "d"
WHERE "d"."UserId" = @__user_Id_0
LIMIT 1
2026-06-11 10:51:13.952 +03:00 [INF]   ✓ cavit@vireon.com güncellendi (VR-99999)
2026-06-11 10:51:13.956 +03:00 [INF] Executed DbCommand (0ms) [Parameters=[@__spec_Email_0='?' (Size = 15)], CommandType='"Text"', CommandTimeout='30']
SELECT "u"."Id", "u"."AccountNumber", "u"."CreatedAt", "u"."Email", "u"."Name", "u"."Password", "u"."PlainPassword", "u"."Role", "u"."Surname"
FROM "Users" AS "u"
WHERE "u"."Email" = @__spec_Email_0
LIMIT 1
2026-06-11 10:51:14.158 +03:00 [INF] Executed DbCommand (0ms) [Parameters=[@__user_Id_0='?' (DbType = Int32)], CommandType='"Text"', CommandTimeout='30']
SELECT "a"."Id", "a"."AccountNumber", "a"."Balance", "a"."Currency", "a"."RowVersion", "a"."UserId"
FROM "Accounts" AS "a"
WHERE "a"."UserId" = @__user_Id_0
LIMIT 1
2026-06-11 10:51:14.163 +03:00 [INF] Executed DbCommand (0ms) [Parameters=[@__user_Id_0='?' (DbType = Int32)], CommandType='"Text"', CommandTimeout='30']
SELECT "d"."Id", "d"."LastResetDate", "d"."MaxDailyLimit", "d"."UsedLimit", "d"."UserId"
FROM "DailyLimits" AS "d"
WHERE "d"."UserId" = @__user_Id_0
LIMIT 1
2026-06-11 10:51:14.168 +03:00 [INF]   ✓ enes@vireon.com güncellendi (VR-88888)
2026-06-11 10:51:14.172 +03:00 [INF] Executed DbCommand (0ms) [Parameters=[@__spec_Email_0='?' (Size = 16)], CommandType='"Text"', CommandTimeout='30']
SELECT "u"."Id", "u"."AccountNumber", "u"."CreatedAt", "u"."Email", "u"."Name", "u"."Password", "u"."PlainPassword", "u"."Role", "u"."Surname"
FROM "Users" AS "u"
WHERE "u"."Email" = @__spec_Email_0
LIMIT 1
2026-06-11 10:51:14.381 +03:00 [INF] Executed DbCommand (0ms) [Parameters=[@__user_Id_0='?' (DbType = Int32)], CommandType='"Text"', CommandTimeout='30']
SELECT "a"."Id", "a"."AccountNumber", "a"."Balance", "a"."Currency", "a"."RowVersion", "a"."UserId"
FROM "Accounts" AS "a"
WHERE "a"."UserId" = @__user_Id_0
LIMIT 1
2026-06-11 10:51:14.386 +03:00 [INF] Executed DbCommand (0ms) [Parameters=[@__user_Id_0='?' (DbType = Int32)], CommandType='"Text"', CommandTimeout='30']
SELECT "d"."Id", "d"."LastResetDate", "d"."MaxDailyLimit", "d"."UsedLimit", "d"."UserId"
FROM "DailyLimits" AS "d"
WHERE "d"."UserId" = @__user_Id_0
LIMIT 1
2026-06-11 10:51:14.391 +03:00 [INF]   ✓ kerem@vireon.com güncellendi (VR-77777)
2026-06-11 10:51:14.432 +03:00 [INF] ✅ Demo hesapları hazır.
2026-06-11 10:51:14.440 +03:00 [INF] Executed DbCommand (0ms) [Parameters=[], CommandType='"Text"', CommandTimeout='30']
SELECT "u"."Id", "u"."AccountNumber", "u"."CreatedAt", "u"."Email", "u"."Name", "u"."Password", "u"."PlainPassword", "u"."Role", "u"."Surname"
FROM "Users" AS "u"
WHERE "u"."Email" = 'testuser@example.com'
LIMIT 1
2026-06-11 10:51:14.460 +03:00 [INF] Executed DbCommand (0ms) [Parameters=[], CommandType='"Text"', CommandTimeout='30']
SELECT "u"."Email"
FROM "Users" AS "u"
WHERE "u"."PlainPassword" IS NULL OR "u"."PlainPassword" = ''
2026-06-11 10:51:14.464 +03:00 [INF] ℹ️ PlainPassword boş 1 hesap — bir kez giriş veya şifre sıfırlama sonrası DB'ye yazılır: cbs@vireon.com
2026-06-11 10:51:14.467 +03:00 [INF] ✅ Database hazır!
2026-06-11 10:51:14.708 +03:00 [INF] Now listening on: http://localhost:5202
2026-06-11 10:51:14.710 +03:00 [INF] Application started. Press Ctrl+C to shut down.
2026-06-11 10:51:14.711 +03:00 [INF] Hosting environment: Development
2026-06-11 10:51:14.712 +03:00 [INF] Content root path: C:\Users\cavit\OneDrive\Desktop\Vireon\Vireon.PresentationLayer
2026-06-11 10:56:23.364 +03:00 [INF] Application is shutting down...
